[    0.000000] Initializing cgroup subsys cpuset
[    0.000000] Initializing cgroup subsys cpu
[    0.000000] Initializing cgroup subsys cpuacct
[    0.000000] Linux version 4.4.0-169-generic (buildd@lgw01-amd64-038) (gcc version 5.4.0 20160609 (Ubuntu 5.4.0-6ubuntu1~16.04.12) ) #198-Ubuntu SMP Tue Nov 12 10:38:00 UTC 2019 (Ubuntu 4.4.0-169.198-generic 4.4.197)
[    0.000000] Command line: BOOT_IMAGE=/boot/vmlinuz-4.4.0-169-generic root=LABEL=cloudimg-rootfs ro console=tty1 console=ttyS0
[    0.000000] KERNEL supported cpus:
[    0.000000]   Intel GenuineIntel
[    0.000000]   AMD AuthenticAMD
[    0.000000]   Centaur CentaurHauls
[    0.000000] x86/fpu: xstate_offset[2]:  576, xstate_sizes[2]:  256
[    0.000000] x86/fpu: Supporting XSAVE feature 0x01: 'x87 floating point registers'
[    0.000000] x86/fpu: Supporting XSAVE feature 0x02: 'SSE registers'
[    0.000000] x86/fpu: Supporting XSAVE feature 0x04: 'AVX registers'
[    0.000000] x86/fpu: Enabled xstate features 0x7, context size is 832 bytes, using 'standard' format.
[    0.000000] e820: BIOS-provided physical RAM map:
[    0.000000] BIOS-e820: [mem 0x0000000000000000-0x000000000009fbff] usable
[    0.000000] BIOS-e820: [mem 0x000000000009fc00-0x000000000009ffff] reserved
[    0.000000] BIOS-e820: [mem 0x00000000000f0000-0x00000000000fffff] reserved
[    0.000000] BIOS-e820: [mem 0x0000000000100000-0x000000003ffeffff] usable
[    0.000000] BIOS-e820: [mem 0x000000003fff0000-0x000000003fffffff] ACPI data
[    0.000000] BIOS-e820: [mem 0x00000000fec00000-0x00000000fec00fff] reserved
[    0.000000] BIOS-e820: [mem 0x00000000fee00000-0x00000000fee00fff] reserved
[    0.000000] BIOS-e820: [mem 0x00000000fffc0000-0x00000000ffffffff] reserved
[    0.000000] NX (Execute Disable) protection: active
[    0.000000] SMBIOS 2.5 present.
[    0.000000] Hypervisor detected: KVM
[    0.000000] e820: last_pfn = 0x3fff0 max_arch_pfn = 0x400000000
[    0.000000] MTRR: Disabled
[    0.000000] x86/PAT: MTRRs disabled, skipping PAT initialization too.
[    0.000000] CPU MTRRs all blank - virtualized system.
[    0.000000] x86/PAT: Configuration [0-7]: WB  WT  UC- UC  WB  WT  UC- UC  
[    0.000000] found SMP MP-table at [mem 0x0009fff0-0x0009ffff] mapped at [ffff88000009fff0]
[    0.000000] Scanning 1 areas for low memory corruption
[    0.000000] RAMDISK: [mem 0x362f6000-0x37172fff]
[    0.000000] ACPI: Early table checksum verification disabled
[    0.000000] ACPI: RSDP 0x00000000000E0000 000024 (v02 VBOX  )
[    0.000000] ACPI: XSDT 0x000000003FFF0030 00003C (v01 VBOX   VBOXXSDT 00000001 ASL  00000061)
[    0.000000] ACPI: FACP 0x000000003FFF00F0 0000F4 (v04 VBOX   VBOXFACP 00000001 ASL  00000061)
[    0.000000] ACPI: DSDT 0x000000003FFF0470 0022EA (v02 VBOX   VBOXBIOS 00000002 INTL 20100528)
[    0.000000] ACPI: FACS 0x000000003FFF0200 000040
[    0.000000] ACPI: FACS 0x000000003FFF0200 000040
[    0.000000] ACPI: APIC 0x000000003FFF0240 00005C (v02 VBOX   VBOXAPIC 00000001 ASL  00000061)
[    0.000000] ACPI: SSDT 0x000000003FFF02A0 0001CC (v01 VBOX   VBOXCPUT 00000002 INTL 20100528)
[    0.000000] No NUMA configuration found
[    0.000000] Faking a node at [mem 0x0000000000000000-0x000000003ffeffff]
[    0.000000] NODE_DATA(0) allocated [mem 0x3ffeb000-0x3ffeffff]
[    0.000000] kvm-clock: Using msrs 4b564d01 and 4b564d00
[    0.000000] kvm-clock: cpu 0, msr 0:3ffe3001, primary cpu clock
[    0.000000] kvm-clock: using sched offset of 3314600028 cycles
[    0.000000] clocksource: kvm-clock: mask: 0xffffffffffffffff max_cycles: 0x1cd42e4dffb, max_idle_ns: 881590591483 ns
[    0.000000] Zone ranges:
[    0.000000]   DMA      [mem 0x0000000000001000-0x0000000000ffffff]
[    0.000000]   DMA32    [mem 0x0000000001000000-0x000000003ffeffff]
[    0.000000]   Normal   empty
[    0.000000]   Device   empty
[    0.000000] Movable zone start for each node
[    0.000000] Early memory node ranges
[    0.000000]   node   0: [mem 0x0000000000001000-0x000000000009efff]
[    0.000000]   node   0: [mem 0x0000000000100000-0x000000003ffeffff]
[    0.000000] Initmem setup node 0 [mem 0x0000000000001000-0x000000003ffeffff]
[    0.000000] ACPI: PM-Timer IO Port: 0x4008
[    0.000000] IOAPIC[0]: apic_id 2, version 32, address 0xfec00000, GSI 0-23
[    0.000000] ACPI: INT_SRC_OVR (bus 0 bus_irq 0 global_irq 2 dfl dfl)
[    0.000000] ACPI: INT_SRC_OVR (bus 0 bus_irq 9 global_irq 9 low level)
[    0.000000] Using ACPI (MADT) for SMP configuration information
[    0.000000] smpboot: Allowing 2 CPUs, 0 hotplug CPUs
[    0.000000] PM: Registered nosave memory: [mem 0x00000000-0x00000fff]
[    0.000000] PM: Registered nosave memory: [mem 0x0009f000-0x0009ffff]
[    0.000000] PM: Registered nosave memory: [mem 0x000a0000-0x000effff]
[    0.000000] PM: Registered nosave memory: [mem 0x000f0000-0x000fffff]
[    0.000000] e820: [mem 0x40000000-0xfebfffff] available for PCI devices
[    0.000000] Booting paravirtualized kernel on KVM
[    0.000000] clocksource: refined-jiffies: mask: 0xffffffff max_cycles: 0xffffffff, max_idle_ns: 7645519600211568 ns
[    0.000000] setup_percpu: NR_CPUS:512 nr_cpumask_bits:512 nr_cpu_ids:2 nr_node_ids:1
[    0.000000] PERCPU: Embedded 33 pages/cpu @ffff88003fc00000 s95448 r8192 d31528 u1048576
[    0.000000] Built 1 zonelists in Node order, mobility grouping on.  Total pages: 257912
[    0.000000] Policy zone: DMA32
[    0.000000] Kernel command line: BOOT_IMAGE=/boot/vmlinuz-4.4.0-169-generic root=LABEL=cloudimg-rootfs ro console=tty1 console=ttyS0
[    0.000000] PID hash table entries: 4096 (order: 3, 32768 bytes)
[    0.000000] Memory: 997720K/1048120K available (8623K kernel code, 1336K rwdata, 4036K rodata, 1488K init, 1288K bss, 50400K reserved, 0K cma-reserved)
[    0.000000] SLUB: HWalign=64, Order=0-3, MinObjects=0, CPUs=2, Nodes=1
[    0.000000] Kernel/User page tables isolation: enabled
[    0.000000] Hierarchical RCU implementation.
[    0.000000] 	Build-time adjustment of leaf fanout to 64.
[    0.000000] 	RCU restricting CPUs from NR_CPUS=512 to nr_cpu_ids=2.
[    0.000000] RCU: Adjusting geometry for rcu_fanout_leaf=64, nr_cpu_ids=2
[    0.000000] NR_IRQS:33024 nr_irqs:440 16
[    0.000000] Console: colour VGA+ 80x25
[    0.000000] console [tty1] enabled
[    0.000000] console [ttyS0] enabled
[    0.000000] tsc: Detected 2592.000 MHz processor
[    0.150018] Calibrating delay loop (skipped) preset value.. 5184.00 BogoMIPS (lpj=10368000)
[    0.151829] pid_max: default: 32768 minimum: 301
[    0.153158] ACPI: Core revision 20150930
[    0.154673] ACPI: 2 ACPI AML tables successfully acquired and loaded
[    0.156033] Security Framework initialized
[    0.156907] Yama: becoming mindful.
[    0.157708] AppArmor: AppArmor initialized
[    0.158651] Dentry cache hash table entries: 131072 (order: 8, 1048576 bytes)
[    0.161607] Inode-cache hash table entries: 65536 (order: 7, 524288 bytes)
[    0.163177] Mount-cache hash table entries: 2048 (order: 2, 16384 bytes)
[    0.165249] Mountpoint-cache hash table entries: 2048 (order: 2, 16384 bytes)
[    0.166899] Initializing cgroup subsys io
[    0.167775] Initializing cgroup subsys memory
[    0.168762] Initializing cgroup subsys devices
[    0.170008] Initializing cgroup subsys freezer
[    0.171330] Initializing cgroup subsys net_cls
[    0.172276] Initializing cgroup subsys perf_event
[    0.173249] Initializing cgroup subsys net_prio
[    0.174225] Initializing cgroup subsys hugetlb
[    0.175160] Initializing cgroup subsys pids
[    0.177131] mce: CPU supports 0 MCE banks
[    0.178039] Last level iTLB entries: 4KB 64, 2MB 8, 4MB 8
[    0.179143] Last level dTLB entries: 4KB 64, 2MB 0, 4MB 0, 1GB 4
[    0.180389] Spectre V1 : Mitigation: usercopy/swapgs barriers and __user pointer sanitization
[    0.182351] Spectre V2 : Mitigation: Full generic retpoline
[    0.183659] Spectre V2 : Spectre v2 / SpectreRSB mitigation: Filling RSB on context switch
[    0.185485] Speculative Store Bypass: Vulnerable
[    0.186656] MDS: Mitigation: Clear CPU buffers
[    0.189815] Freeing SMP alternatives memory: 36K
[    0.195695] ftrace: allocating 32301 entries in 127 pages
[    0.243439] smpboot: APIC(0) Converting physical 0 to logical package 0
[    0.245353] smpboot: Max logical packages: 1
[    0.246614] x2apic enabled
[    0.247678] Switched APIC routing to physical x2apic.
[    0.249775] ..TIMER: vector=0x30 apic1=0 pin1=2 apic2=-1 pin2=-1
[    0.359080] smpboot: CPU0: Intel(R) Core(TM) i7-9750H CPU @ 2.60GHz (family: 0x6, model: 0x9e, stepping: 0xa)
[    0.361495] Performance Events: unsupported p6 CPU model 158 no PMU driver, software events only.
[    0.371640] KVM setup paravirtual spinlock
[    0.373543] x86: Booting SMP configuration:
[    0.374739] .... node  #0, CPUs:      #1
[    0.375756] kvm-clock: cpu 1, msr 0:3ffe3041, secondary cpu clock
[    0.377931] mce: CPU supports 0 MCE banks
[    0.380706] x86: Booted up 1 node, 2 CPUs
[    0.382051] smpboot: Total of 2 processors activated (10368.00 BogoMIPS)
[    0.383901] devtmpfs: initialized
[    0.386482] evm: security.selinux
[    0.387468] evm: security.SMACK64
[    0.388449] evm: security.SMACK64EXEC
[    0.389234] evm: security.SMACK64TRANSMUTE
[    0.390089] evm: security.SMACK64MMAP
[    0.391215] evm: security.ima
[    0.392122] evm: security.capability
[    0.393243] clocksource: jiffies: mask: 0xffffffff max_cycles: 0xffffffff, max_idle_ns: 7645041785100000 ns
[    0.395273] futex hash table entries: 512 (order: 3, 32768 bytes)
[    0.396657] pinctrl core: initialized pinctrl subsystem
[    0.397773] RTC time: 13:45:56, date: 11/28/19
[    0.398841] NET: Registered protocol family 16
[    0.411511] cpuidle: using governor ladder
[    0.423503] cpuidle: using governor menu
[    0.425434] PCCT header not found.
[    0.426524] ACPI: bus type PCI registered
[    0.427569] acpiphp: ACPI Hot Plug PCI Controller Driver version: 0.5
[    0.429669] PCI: Using configuration type 1 for base access
[    0.444441] ACPI: Added _OSI(Module Device)
[    0.445814] ACPI: Added _OSI(Processor Device)
[    0.447311] ACPI: Added _OSI(3.0 _SCP Extensions)
[    0.448424] ACPI: Added _OSI(Processor Aggregator Device)
[    0.450439] ACPI: Executed 1 blocks of module-level executable AML code
[    0.453835] ACPI: Interpreter enabled
[    0.454948] ACPI: (supports S0 S5)
[    0.455837] ACPI: Using IOAPIC for interrupt routing
[    0.457204] PCI: Using host bridge windows from ACPI; if necessary, use "pci=nocrs" and report a bug
[    0.463311] ACPI: PCI Root Bridge [PCI0] (domain 0000 [bus 00-ff])
[    0.465232] acpi PNP0A03:00: _OSC: OS supports [ASPM ClockPM Segments MSI]
[    0.467207] acpi PNP0A03:00: _OSC: not requesting OS control; OS requires [ExtendedConfig ASPM ClockPM MSI]
[    0.469298] acpi PNP0A03:00: fail to add MMCONFIG information, can't access extended PCI configuration space under this bridge.
[    0.471890] PCI host bridge to bus 0000:00
[    0.472770] pci_bus 0000:00: root bus resource [io  0x0000-0x0cf7 window]
[    0.474068] pci_bus 0000:00: root bus resource [io  0x0d00-0xffff window]
[    0.475543] pci_bus 0000:00: root bus resource [mem 0x000a0000-0x000bffff window]
[    0.477400] pci_bus 0000:00: root bus resource [mem 0x40000000-0xfdffffff window]
[    0.478955] pci_bus 0000:00: root bus resource [bus 00-ff]
[    0.482677] pci 0000:00:01.1: legacy IDE quirk: reg 0x10: [io  0x01f0-0x01f7]
[    0.484654] pci 0000:00:01.1: legacy IDE quirk: reg 0x14: [io  0x03f6]
[    0.485920] pci 0000:00:01.1: legacy IDE quirk: reg 0x18: [io  0x0170-0x0177]
[    0.487499] pci 0000:00:01.1: legacy IDE quirk: reg 0x1c: [io  0x0376]
[    0.507049] pci 0000:00:07.0: quirk: [io  0x4000-0x403f] claimed by PIIX4 ACPI
[    0.508913] pci 0000:00:07.0: quirk: [io  0x4100-0x410f] claimed by PIIX4 SMB
[    0.517431] ACPI: PCI Interrupt Link [LNKA] (IRQs 5 9 10 *11)
[    0.519112] ACPI: PCI Interrupt Link [LNKB] (IRQs 5 9 *10 11)
[    0.521538] ACPI: PCI Interrupt Link [LNKC] (IRQs 5 *9 10 11)
[    0.523063] ACPI: PCI Interrupt Link [LNKD] (IRQs 5 9 10 *11)
[    0.524986] ACPI: Enabled 2 GPEs in block 00 to 07
[    0.526266] vgaarb: setting as boot device: PCI:0000:00:02.0
[    0.527453] vgaarb: device added: PCI:0000:00:02.0,decodes=io+mem,owns=io+mem,locks=none
[    0.529171] vgaarb: loaded
[    0.529798] vgaarb: bridge control possible 0000:00:02.0
[    0.531059] SCSI subsystem initialized
[    0.531938] ACPI: bus type USB registered
[    0.532861] usbcore: registered new interface driver usbfs
[    0.534306] usbcore: registered new interface driver hub
[    0.535458] usbcore: registered new device driver usb
[    0.536998] PCI: Using ACPI for IRQ routing
[    0.538426] NetLabel: Initializing
[    0.539192] NetLabel:  domain hash size = 128
[    0.540259] NetLabel:  protocols = UNLABELED CIPSOv4
[    0.542564] NetLabel:  unlabeled traffic allowed by default
[    0.543836] amd_nb: Cannot enumerate AMD northbridges
[    0.545172] clocksource: Switched to clocksource kvm-clock
[    0.552228] AppArmor: AppArmor Filesystem Enabled
[    0.553587] pnp: PnP ACPI init
[    0.555389] pnp: PnP ACPI: found 3 devices
[    0.564309] clocksource: acpi_pm: mask: 0xffffff max_cycles: 0xffffff, max_idle_ns: 2085701024 ns
[    0.566942] NET: Registered protocol family 2
[    0.568599] TCP established hash table entries: 8192 (order: 4, 65536 bytes)
[    0.570043] TCP bind hash table entries: 8192 (order: 5, 131072 bytes)
[    0.571601] TCP: Hash tables configured (established 8192 bind 8192)
[    0.573228] UDP hash table entries: 512 (order: 2, 16384 bytes)
[    0.574426] UDP-Lite hash table entries: 512 (order: 2, 16384 bytes)
[    0.575691] NET: Registered protocol family 1
[    0.576601] pci 0000:00:00.0: Limiting direct PCI/PCI transfers
[    0.577879] pci 0000:00:01.0: Activating ISA DMA hang workarounds
[    0.579298] Unpacking initramfs...
[    0.774809] Freeing initrd memory: 14836K
[    0.776178] clocksource: tsc: mask: 0xffffffffffffffff max_cycles: 0x255cb6cc5db, max_idle_ns: 440795203504 ns
[    0.778656] platform rtc_cmos: registered platform RTC device (no PNP device found)
[    0.780300] Scanning for low memory corruption every 60 seconds
[    0.781934] audit: initializing netlink subsys (disabled)
[    0.783045] audit: type=2000 audit(1574948761.969:1): initialized
[    0.784449] Initialise system trusted keyring
[    0.785627] HugeTLB registered 2 MB page size, pre-allocated 0 pages
[    0.787868] zbud: loaded
[    0.788779] VFS: Disk quotas dquot_6.6.0
[    0.789696] VFS: Dquot-cache hash table entries: 512 (order 0, 4096 bytes)
[    0.791335] squashfs: version 4.0 (2009/01/31) Phillip Lougher
[    0.792819] fuse init (API version 7.23)
[    0.793927] Key type big_key registered
[    0.795213] Allocating IMA MOK and blacklist keyrings.
[    0.797496] Key type asymmetric registered
[    0.798786] Asymmetric key parser 'x509' registered
[    0.799814] Block layer SCSI generic (bsg) driver version 0.4 loaded (major 249)
[    0.801485] io scheduler noop registered
[    0.802639] io scheduler deadline registered (default)
[    0.804054] io scheduler cfq registered
[    0.804963] pci_hotplug: PCI Hot Plug PCI Core version: 0.5
[    0.806161] pciehp: PCI Express Hot Plug Controller Driver version: 0.4
[    0.808020] ACPI: AC Adapter [AC] (on-line)
[    0.809242] input: Power Button as /devices/LNXSYSTM:00/LNXPWRBN:00/input/input0
[    0.811113] ACPI: Power Button [PWRF]
[    0.812005] input: Sleep Button as /devices/LNXSYSTM:00/LNXSLPBN:00/input/input1
[    0.813719] ACPI: Sleep Button [SLPF]
[    0.815031] GHES: HEST is not enabled!
[    0.815898] ACPI: Battery Slot [BAT0] (battery present)
[    0.817134] Serial: 8250/16550 driver, 32 ports, IRQ sharing enabled
[    0.839053] 00:02: ttyS0 at I/O 0x3f8 (irq = 4, base_baud = 115200) is a 16550A
[    0.842930] Linux agpgart interface v0.103
[    0.845850] loop: module loaded
[    0.847298] scsi host0: ata_piix
[    0.848103] scsi host1: ata_piix
[    0.848831] ata1: PATA max UDMA/33 cmd 0x1f0 ctl 0x3f6 bmdma 0xd000 irq 14
[    0.850340] ata2: PATA max UDMA/33 cmd 0x170 ctl 0x376 bmdma 0xd008 irq 15
[    0.851913] libphy: Fixed MDIO Bus: probed
[    0.852885] tun: Universal TUN/TAP device driver, 1.6
[    0.854596] tun: (C) 1999-2004 Max Krasnyansky <maxk@qualcomm.com>
[    0.855853] PPP generic driver version 2.4.2
[    0.856797] ehci_hcd: USB 2.0 'Enhanced' Host Controller (EHCI) Driver
[    0.858522] ehci-pci: EHCI PCI platform driver
[    0.859798] ehci-platform: EHCI generic platform driver
[    0.860834] ohci_hcd: USB 1.1 'Open' Host Controller (OHCI) Driver
[    0.862068] ohci-pci: OHCI PCI platform driver
[    0.862978] ohci-platform: OHCI generic platform driver
[    0.864012] uhci_hcd: USB Universal Host Controller Interface driver
[    0.865275] i8042: PNP: PS/2 Controller [PNP0303:PS2K,PNP0f03:PS2M] at 0x60,0x64 irq 1,12
[    0.867894] serio: i8042 KBD port at 0x60,0x64 irq 1
[    0.869540] serio: i8042 AUX port at 0x60,0x64 irq 12
[    0.870771] mousedev: PS/2 mouse device common for all mice
[    0.872114] input: AT Translated Set 2 keyboard as /devices/platform/i8042/serio0/input/input2
[    0.874303] rtc_cmos rtc_cmos: rtc core: registered rtc_cmos as rtc0
[    0.875589] rtc_cmos rtc_cmos: alarms up to one day, 114 bytes nvram
[    0.877168] i2c /dev entries driver
[    0.878005] device-mapper: uevent: version 1.0.3
[    0.879012] device-mapper: ioctl: 4.34.0-ioctl (2015-10-28) initialised: dm-devel@redhat.com
[    0.880735] ledtrig-cpu: registered to indicate activity on CPUs
[    0.883049] NET: Registered protocol family 10
[    0.884103] NET: Registered protocol family 17
[    0.885429] Key type dns_resolver registered
[    0.886686] registered taskstats version 1
[    0.887592] Loading compiled-in X.509 certificates
[    0.889228] Loaded X.509 cert 'Build time autogenerated kernel key: ef3203c14e3994470d47ef6a7e15c1ade40f8e1e'
[    0.891277] zswap: loaded using pool lzo/zbud
[    0.893789] Key type trusted registered
[    0.897074] Key type encrypted registered
[    0.897982] AppArmor: AppArmor sha1 policy hashing enabled
[    0.899459] ima: No TPM chip found, activating TPM-bypass!
[    0.900795] ima: Allocated hash algorithm: sha1
[    0.901898] evm: HMAC attrs: 0x1
[    0.903069]   Magic number: 11:749:787
[    0.904178] rtc_cmos rtc_cmos: setting system clock to 2019-11-28 13:45:57 UTC (1574948757)
[    0.906242] BIOS EDD facility v0.16 2004-Jun-25, 0 devices found
[    0.907512] EDD information not available.
[    1.006425] Freeing unused kernel memory: 1488K
[    1.008309] Write protecting the kernel read-only data: 14336k
[    1.010481] Freeing unused kernel memory: 1604K
[    1.011879] Freeing unused kernel memory: 60K
Loading, please wait...
starting version 229
[    1.027966] random: systemd-udevd: uninitialized urandom read (16 bytes read, 3 bits of entropy available)
[    1.028407] random: udevadm: uninitialized urandom read (16 bytes read, 3 bits of entropy available)
[    1.028425] random: udevadm: uninitialized urandom read (16 bytes read, 3 bits of entropy available)
[    1.035071] random: udevadm: uninitialized urandom read (16 bytes read, 3 bits of entropy available)
[    1.035141] random: udevadm: uninitialized urandom read (16 bytes read, 3 bits of entropy available)
[    1.035251] random: udevadm: uninitialized urandom read (16 bytes read, 3 bits of entropy available)
[    1.035290] random: udevadm: uninitialized urandom read (16 bytes read, 3 bits of entropy available)
[    1.035329] random: udevadm: uninitialized urandom read (16 bytes read, 3 bits of entropy available)
[    1.035368] random: udevadm: uninitialized urandom read (16 bytes read, 3 bits of entropy available)
[    1.035404] random: udevadm: uninitialized urandom read (16 bytes read, 3 bits of entropy available)
[    1.075352] e1000: Intel(R) PRO/1000 Network Driver - version 7.3.21-k8-NAPI
[    1.077123] e1000: Copyright (c) 1999-2006 Intel Corporation.
[    1.083073] Fusion MPT base driver 3.04.20
[    1.084667] Copyright (c) 1999-2008 LSI Corporation
[    1.094380] AVX2 version of gcm_enc/dec engaged.
[    1.095808] AES CTR mode by8 optimization enabled
[    1.102657] Fusion MPT SPI Host driver 3.04.20
[    1.306924] input: ImExPS/2 Generic Explorer Mouse as /devices/platform/i8042/serio1/input/input4
[    1.701938] e1000 0000:00:03.0 eth0: (PCI:33MHz:32-bit) 02:39:67:e0:78:98
[    1.704553] e1000 0000:00:03.0 eth0: Intel(R) PRO/1000 Network Connection
[    1.707496] mptbase: ioc0: Initiating bringup
[    1.788396] ioc0: LSI53C1030 A0: Capabilities={Initiator}
[    2.131579] scsi host2: ioc0: LSI53C1030 A0, FwRev=00000000h, Ports=1, MaxQ=256, IRQ=20
[    2.278121] scsi 2:0:0:0: Direct-Access     VBOX     HARDDISK         1.0  PQ: 0 ANSI: 5
[    2.280853] scsi target2:0:0: Beginning Domain Validation
[    2.284481] scsi target2:0:0: Domain Validation skipping write tests
[    2.286096] scsi target2:0:0: Ending Domain Validation
[    2.287762] scsi target2:0:0: asynchronous
[    2.289579] scsi 2:0:1:0: Direct-Access     VBOX     HARDDISK         1.0  PQ: 0 ANSI: 5
[    2.291700] scsi target2:0:1: Beginning Domain Validation
[    2.294120] scsi target2:0:1: Domain Validation skipping write tests
[    2.295910] scsi target2:0:1: Ending Domain Validation
[    2.297267] scsi target2:0:1: asynchronous
[    2.304054] sd 2:0:0:0: [sda] 83886080 512-byte logical blocks: (42.9 GB/40.0 GiB)
[    2.304162] sd 2:0:0:0: Attached scsi generic sg0 type 0
[    2.315515] sd 2:0:0:0: [sda] Write Protect is off
[    2.317126] sd 2:0:0:0: [sda] Incomplete mode parameter data
[    2.318735] sd 2:0:0:0: [sda] Assuming drive cache: write through
[    2.320196] sd 2:0:1:0: [sdb] 20480 512-byte logical blocks: (10.5 MB/10.0 MiB)
[    2.322641] sd 2:0:1:0: [sdb] Write Protect is off
[    2.323431] sd 2:0:1:0: Attached scsi generic sg1 type 0
[    2.326008] sd 2:0:1:0: [sdb] Incomplete mode parameter data
[    2.327235] sd 2:0:1:0: [sdb] Assuming drive cache: write through
[    2.329492]  sda: sda1
[    2.330851] sd 2:0:0:0: [sda] Attached SCSI disk
[    2.332591] sd 2:0:1:0: [sdb] Attached SCSI disk
[    2.701089] e1000 0000:00:08.0 eth1: (PCI:33MHz:32-bit) 08:00:27:39:51:08
[    2.703178] e1000 0000:00:08.0 eth1: Intel(R) PRO/1000 Network Connection
[    2.705941] e1000 0000:00:08.0 enp0s8: renamed from eth1
[    2.725566] e1000 0000:00:03.0 enp0s3: renamed from eth0
Begin: Loading essential drivers ... [    3.977732] md: linear personality registered for level -1
[    3.981092] md: multipath personality registered for level -4
[    3.984536] md: raid0 personality registered for level 0
[    3.988783] md: raid1 personality registered for level 1
[    4.057425] raid6: sse2x1   gen() 12453 MB/s
[    4.125355] raid6: sse2x1   xor() 10104 MB/s
[    4.193244] raid6: sse2x2   gen() 14108 MB/s
[    4.261278] raid6: sse2x2   xor() 11815 MB/s
[    4.329382] raid6: sse2x4   gen() 16323 MB/s
[    4.397361] raid6: sse2x4   xor() 12723 MB/s
[    4.465722] raid6: avx2x1   gen() 23514 MB/s
[    4.533472] raid6: avx2x2   gen() 27015 MB/s
[    4.601265] raid6: avx2x4   gen() 31362 MB/s
[    4.602209] raid6: using algorithm avx2x4 gen() 31362 MB/s
[    4.603326] raid6: using avx2x2 recovery algorithm
[    4.606003] xor: automatically using best checksumming function:
[    4.645365]    avx       : 32744.000 MB/sec
[    4.647323] async_tx: api initialized (async)
[    4.655583] md: raid6 personality registered for level 6
[    4.657039] md: raid5 personality registered for level 5
[    4.658511] md: raid4 personality registered for level 4
[    4.665014] md: raid10 personality registered for level 10
done.
Begin: Running /scripts/init-premount ... done.
Begin: Mounting root file system ... Begin: Running /scripts/local-top ... done.
Begin: Running /scripts/local-premount ... [    4.690456] Btrfs loaded
Scanning for Btrfs filesystems
done.
Warning: fsck not present, so skipping root file system
[    4.708438] EXT4-fs (sda1): mounted filesystem with ordered data mode. Opts: (null)
done.
Begin: Running /scripts/local-bottom ... done.
Begin: Running /scripts/init-bottom ... done.
[    4.755512] systemd[1]: systemd 229 running in system mode. (+PAM +AUDIT +SELINUX +IMA +APPARMOR +SMACK +SYSVINIT +UTMP +LIBCRYPTSETUP +GCRYPT +GNUTLS +ACL +XZ -LZ4 +SECCOMP +BLKID +ELFUTILS +KMOD -IDN)
[    4.759078] systemd[1]: Detected virtualization oracle.
[    4.760142] systemd[1]: Detected architecture x86-64.

Welcome to [1mUbuntu 16.04.6 LTS[0m!

[    4.762758] systemd[1]: Set hostname to <ubuntu>.
[    4.764762] systemd[1]: Initializing machine ID from random generator.
[    4.766314] systemd[1]: Installed transient /etc/machine-id file.
[    4.853814] systemd[1]: Listening on Journal Socket (/dev/log).
[[0;32m  OK  [0m] Listening on Journal Socket (/dev/log).
[    4.856535] systemd[1]: Created slice System Slice.
[[0;32m  OK  [0m] Created slice System Slice.
[    4.858641] systemd[1]: Reached target Swap.
[[0;32m  OK  [0m] Reached target Swap.
[    4.860804] systemd[1]: Created slice system-serial\x2dgetty.slice.
[[0;32m  OK  [0m] Created slice system-serial\x2dgetty.slice.
[    4.863607] systemd[1]: Listening on Device-mapper event daemon FIFOs.
[[0;32m  OK  [0m] Listening on Device-mapper event daemon FIFOs.
[    4.866505] systemd[1]: Reached target Encrypted Volumes.
[[0;32m  OK  [0m] Reached target Encrypted Volumes.
[    4.869059] systemd[1]: Listening on udev Control Socket.
[[0;32m  OK  [0m] Listening on udev Control Socket.
[    4.871789] systemd[1]: Listening on LVM2 poll daemon socket.
[[0;32m  OK  [0m] Listening on LVM2 poll daemon socket.
[    4.874464] systemd[1]: Listening on Journal Socket.
[[0;32m  OK  [0m] Listening on Journal Socket.
[    4.890041] systemd[1]: Starting Nameserver information manager...
         Starting Nameserver information manager...
[    4.895611] systemd[1]: Mounting POSIX Message Queue File System...
         Mounting POSIX Message Queue File System...
[    4.906563] systemd[1]: Mounting Debug File System...
         Mounting Debug File System...
[    4.909620] systemd[1]: Starting Remount Root and Kernel File Systems...
         Starting Remount Root and Kernel File Systems...
[    4.913682] EXT4-fs (sda1): re-mounted. Opts: (null)
[    4.914122] systemd[1]: Starting Load Kernel Modules...
         Starting Load Kernel Modules...
[    4.918372] systemd[1]: Starting Set console keymap...
         Starting Set console keymap...
[    4.920855] systemd[1]: Set up automount Arbitrary Executable File Formats File System Automount Point.
[[0;32m  OK  [0m] Set up automount Arbitrary Executab...ats File System Automount Point.
[    4.924716] systemd[1]: Started Forward Password Requests to Wall Directory Watch.
[    4.927059] Loading iSCSI transport class v2.0-870.
[[0;32m  OK  [0m] Started Forward Password Requests to Wall Directory Watch.
[    4.935648] iscsi: registered transport (tcp)
[    4.949446] systemd[1]: Starting Uncomplicated firewall...
         Starting Uncomplicated firewall...
[    4.955089] iscsi: registered transport (iser)
[    4.957347] systemd[1]: Started Trigger resolvconf update for networkd DNS.
[[0;32m  OK  [0m] Started Trigger resolvconf update for networkd DNS.
[    4.965831] systemd[1]: Listening on LVM2 metadata daemon socket.
[[0;32m  OK  [0m] Listening on LVM2 metadata daemon socket.
[    4.985857] systemd[1]: Starting Monitoring of LVM2 mirrors, snapshots etc. using dmeventd or progress polling...
         Starting Monitoring of LVM2 mirrors... dmeventd or progress polling...
[    4.997662] systemd[1]: Reached target User and Group Name Lookups.
[[0;32m  OK  [0m] Reached target User and Group Name Lookups.
[    5.000904] systemd[1]: Listening on Syslog Socket.
[[0;32m  OK  [0m] Listening on Syslog Socket.
[    5.003524] systemd[1]: Created slice User and Session Slice.
[[0;32m  OK  [0m] Created slice User and Session Slice.
[    5.006445] systemd[1]: Reached target Slices.
[[0;32m  OK  [0m] Reached target Slices.
[    5.029645] systemd[1]: Mounting Huge Pages File System...
         Mounting Huge Pages File System...
[    5.038480] systemd[1]: Starting Create list of required static device nodes for the current kernel...
         Starting Create list of required st... nodes for the current kernel...
[    5.042911] systemd[1]: Listening on /dev/initctl Compatibility Named Pipe.
[[0;32m  OK  [0m] Listening on /dev/initctl Compatibility Named Pipe.
[    5.045970] systemd[1]: Listening on Journal Audit Socket.
[[0;32m  OK  [0m] Listening on Journal Audit Socket.
[    5.049630] systemd[1]: Starting Journal Service...
         Starting Journal Service...
[    5.057455] systemd[1]: Reached target System Time Synchronized.
[[0;32m  OK  [0m] Reached target System Time Synchronized.
[    5.065463] systemd[1]: Listening on udev Kernel Socket.
[[0;32m  OK  [0m] Listening on udev Kernel Socket.
[    5.074996] systemd[1]: Mounted Debug File System.
[[0;32m  OK  [0m] Mounted Debug File System.
[    5.077507] systemd[1]: Mounted Huge Pages File System.
[[0;32m  OK  [0m] Mounted Huge Pages File System.
[    5.085817] systemd[1]: Mounted POSIX Message Queue File System.
[[0;32m  OK  [0m] Mounted POSIX Message Queue File System.
[    5.089490] systemd[1]: Started Journal Service.
[[0;32m  OK  [0m] Started Journal Service.
[[0;32m  OK  [0m] Started Remount Root and Kernel File Systems.
[[0;32m  OK  [0m] Started Load Kernel Modules.
[[0;32m  OK  [0m] Started Set console keymap.
[[0;32m  OK  [0m] Started Uncomplicated firewall.
[[0;32m  OK  [0m] Started Create list of required sta...ce nodes for the current kernel.
[[0;32m  OK  [0m] Started Nameserver information manager.
[[0;32m  OK  [0m] Started LVM2 metadata daemon.
         Starting Create Static Device Nodes in /dev...
         Starting Apply Kernel Variables...
         Mounting FUSE Control File System...
         Starting udev Coldplug all Devices...
         Starting Load/Save Random Seed...
         Starting Flush Journal to Persistent Storage...
[[0;32m  OK  [0m] Mounted FUSE Control File System.
[[0;32m  OK  [0m] Started Create Static Device Nodes in /dev.
[[0;32m  OK  [0m] Started Apply Kernel Variables.
[[0;32m  OK  [0m] Started Load/Save Random Seed.
[[0;32m  OK  [0m] Started udev Coldplug all Devices.
[[0;32m  OK  [0m] Started Flush Journal to Persistent Storage.
         Starting udev Kernel Device Manager...
[[0;32m  OK  [0m] Started udev Kernel Device Manager.
[[0;32m  OK  [0m] Started Dispatch Password Requests to Console Directory Watch.
[[0;32m  OK  [0m] Started Monitoring of LVM2 mirrors,...ng dmeventd or progress polling.
[[0;32m  OK  [0m] Reached target Local File Systems (Pre).
[[0;32m  OK  [0m] Reached target Local File Systems.
         Starting Create Volatile Files and Directories...
         Starting Commit a transient machine-id on disk...
         Starting Tell Plymouth To Write Out Runtime Data...
         Starting Initial cloud-init job (pre-networking)...
         Starting LSB: AppArmor initialization...
         Starting Set console font and keymap...
[[0;32m  OK  [0m] Started Create Volatile Files and Directories.
[[0;32m  OK  [0m] Started Tell Plymouth To Write Out Runtime Data.
[[0;32m  OK  [0m] Started Commit a transient machine-id on disk.
[[0;32m  OK  [0m] Found device /dev/ttyS0.
         Starting Update UTMP about System Boot/Shutdown...
[[0;32m  OK  [0m] Started Update UTMP about System Boot/Shutdown.
[[0;32m  OK  [0m] Listening on Load/Save RF Kill Switch Status /dev/rfkill Watch.
[    5.993601] cloud-init[489]: Cloud-init v. 19.2-36-g059d049c-0ubuntu2~16.04.1 running 'init-local' at Thu, 28 Nov 2019 13:46:02 +0000. Up 5.69 seconds.
[[0;32m  OK  [0m] Started LSB: AppArmor initialization.
[[0;32m  OK  [0m] Started Initial cloud-init job (pre-networking).
[[0;32m  OK  [0m] Reached target Network (Pre).
         Starting Raise network interfaces...
[[0;32m  OK  [0m] Started Set console font and keymap.
[[0;32m  OK  [0m] Created slice system-getty.slice.
[[0;32m  OK  [0m] Started Raise network interfaces.
[[0;32m  OK  [0m] Reached target Network.
         Starting Initial cloud-init job (metadata service crawler)...
[    7.045996] cloud-init[958]: Cloud-init v. 19.2-36-g059d049c-0ubuntu2~16.04.1 running 'init' at Thu, 28 Nov 2019 13:46:03 +0000. Up 6.66 seconds.
[    7.052707] cloud-init[958]: ci-info: ++++++++++++++++++++++++++++++++++++++Net device info+++++++++++++++++++++++++++++++++++++++
[    7.060292] cloud-init[958]: ci-info: +--------+-------+----------------------------+---------------+--------+-------------------+
[    7.068483] cloud-init[958]: ci-info: | Device |   Up  |          Address           |      Mask     | Scope  |     Hw-Address    |
[    7.076464] cloud-init[958]: ci-info: +--------+-------+----------------------------+---------------+--------+-------------------+
[    7.078030] cloud-init[958]: ci-info: | enp0s3 |  True |         10.0.2.15          | 255.255.255.0 | global | 02:39:67:e0:78:98 |
[    7.079271] [cloud-init[0;32m  OK  [0m[958]: ] ci-info: | enp0s3 |  True | fe80::39:67ff:fee0:7898/64 |       .       |  link  | 02:39:67:e0:78:98 |Started Initial cloud-init job (metadata service crawler).

[    7.079807] cloud-init[958]: ci-info: | enp0s8 | False |             .              |       .       |   .    | 08:00:27:39:51:08 |
[    7.088729] [cloud-init[0;32m  OK  [0m[958]: ] ci-info: |   lo   |  True |         127.0.0.1          |   255.0.0.0   |  host  |         .         |Reached target Cloud-config availability.

[[0;32m  OK  [0m] Reached target Network is Online.
[    7.089095] cloud-init[958]: ci-info: |   lo   |  True |          ::1/128           |       .       |  host  |         .         |
[    7.108410] cloud-init[958]: ci-info: +--------+-------+----------------------------+---------------+--------+-------------------+
[    7.116581]          cloud-initStarting iSCSI initiator daemon (iscsid)...[958]: 
ci-info: +++++++++++++++++++++++++++Route IPv4 info++++++++++++++++++++++++++++
[    7.124369] [cloud-init[0;32m  OK  [0m[958]: ] ci-info: +-------+-------------+----------+---------------+-----------+-------+Reached target System Initialization.

[[0;32m  OK  [0m] Listening on ACPID Listen Socket.
         Starting Socket activation for snappy daemon.
[    7.125059] cloud-init[958]: ci-info: | Route | Destination | Gateway  |    Genmask    | Interface | Flags |
[    7.139278] cloud-init[958]: ci-info: +-------+-------------+----------+---------------+-----------+-------+
[[0;32m  OK  [0m] Started Daily apt download activities.
[[0;32m  OK  [0m] Started Daily apt upgrade and clean activities.
[    7.139667] cloud-init[958]: ci-info: |   0   |   0.0.0.0   | 10.0.2.2 |    0.0.0.0    |   enp0s3  |   UG  |
[    7.142658] [cloud-init[0;32m  OK  [0m[958]: ] ci-info: |   1   |   10.0.2.0  | 0.0.0.0  | 255.255.255.0 |   enp0s3  |   U   |Started ACPI Events Check.

[[0;32m  OK  [0m] Reached target Paths.
[    7.143183] cloud-init[958]: ci-info: +-------+-------------+----------+---------------+-----------+-------+
[    7.147184]          Starting LXD - unix socket.
[[0;32m  OK  [0m] Started Daily Cleanup of Temporary Directories.
[[0;32m  OK  [0m] Listening on D-Bus System Message Bus Socket.
[[0;32m  OK  [0m] Listening on UUID daemon activation socket.
cloud-init[958]: ci-info: +++++++++++++++++++Route IPv6 info+++++++++++++++++++
[    7.156751] [cloud-init[0;32m  OK  [0m[958]: ] ci-info: +-------+-------------+---------+-----------+-------+Started Message of the Day.

[[0;32m  OK  [0m] Reached target Timers.
[    7.157485] cloud-init[958]: ci-info: | Route | Destination | Gateway | Interface | Flags |
[    7.166786] cloud-init[958]: ci-info: +-------+-------------+---------+-----------+-------+
[    7.168229] cloud-init[958]: ci-info: |   0   |  fe80::/64  |    ::   |   enp0s3  |   U   |
[    7.181336] [[0;32m  OK  [0m] Listening on Socket activation for snappy daemon.
cloud-init[958]: ci-info: |   3   |   ff00::/8  |    ::   |   enp0s3  |   U   |
[    7.183726] cloud-init[958]: ci-info: +-------+-------------+---------+-----------+-------+
[    7.184592] cloud-init[958]: Generating public/private rsa key pair.
[    7.184814] cloud-init[958]: Your identification has been saved in /etc/ssh/ssh_host_rsa_key.
[    7.184911] cloud-init[958]: Your public key has been saved in /etc/ssh/ssh_host_rsa_key.pub.
[[0;32m  OK  [0m] Listening on LXD - unix socket.
[[0;32m  OK  [0m] Started iSCSI initiator daemon (iscsid).
[    7.184978] cloud-init[958]: The key fingerprint is:
[    7.208510] cloud-init[958]: SHA256:OyoR8RVO4ycAQpCt/FHeGzjBGXDBmkKizH4K7x8DEAU root@ubuntu-xenial
[    7.217345] cloud-init[958]: The key's randomart image is:
[    7.224823]          Starting Login to default iSCSI targets...
[[0;32m  OK  [0m] Reached target Sockets.
cloud-init[958]: +---[RSA 2048]----+
[    7.232987] [cloud-init[0;32m  OK  [0m[958]: ] |EB+.=== +.       |Reached target Basic System.

[    7.233778]          Starting /etc/rc.local Compatibility...
         Starting LSB: MD monitoring daemon...
         Starting Accounts Service...
         Starting LSB: Record successful boot for GRUB...
cloud-init[958]: |oo..o* =..       |
         Starting LXD - container startup/shutdown...
[    7.239409] cloud-init[958]: |O.  =o+.+ .      |
[    7.248325] [[0;32m  OK  [0m] Started ACPI event daemon.
cloud-init[958]: |o* +.+.o o       |
[    7.249970]          cloud-initStarting System Logging Service...[958]: 
|. + ... S        |
[    7.251681] cloud-init[958]: |.. +.  . .       |
[    7.252599]          Starting Pollinate to seed the pseudo random number generator...
[[0;32m  OK  [0m] Started D-Bus System Message Bus.
cloud-init[958]: |..o o.  o        |
[    7.259122] cloud-init[958]: | .. .o . .       |
[    7.261364] cloud-init[958]: | ......          |
[    7.262620] cloud-init[958]: +----[SHA256]-----+
[    7.264490] cloud-init[958]: Generating public/private dsa key pair.
[    7.266326] cloud-init[958]: Your identification has been saved in /etc/ssh/ssh_host_dsa_key.
[    7.269623] cloud-init[958]: Your public key has been saved in /etc/ssh/ssh_host_dsa_key.pub.
[    7.272686] cloud-init[958]: The key fingerprint is:
[    7.275105] cloud-init[[0;32m  OK  [0m] Started Regular background program processing daemon.
         Starting Virtualbox guest utils...
[[0;32m  OK  [0m] Started FUSE filesystem for LXC.
[[0;32m  OK  [0m] Started Deferred execution scheduler.
         Starting Login Service...
[958]:          Starting Snappy daemon...
[[0;32m  OK  [0m] Started System Logging Service.
[[0;32m  OK  [0m] Started /etc/rc.local Compatibility.
[[0;32m  OK  [0m] Started LSB: MD monitoring daemon.
SHA256:oP+TxkMaOseK1IXEngaOC8NRs7tj3IzSh8fANrBMoRg root@ubuntu-xenial
[    7.332646] [[0;32m  OK  [0m] Started LSB: Record successful boot for GRUB.
[[0;32m  OK  [0m] Started Login to default iSCSI targets.
cloud-init[958]: The key's randomart image is:
[    7.335969] cloud-init[958]: +---[DSA 1024]----+
[    7.339957] cloud-init[958]: |E. o             |
[    7.349829] [[0;32m  OK  [0m] Started LXD - container startup/shutdown.
cloud-init[958]: |o.o.o            |
[    7.358265] cloud-init[958]: |o+..o .          |
[    7.359750] cloud-init[958]: |+o=+.+ .         |
[    7.360463] cloud-init[958]: |++.** . S        |
         Starting Authenticate and Authorize Users to Run Privileged Tasks...
[[0;32m  OK  [0m] Reached target Remote File Systems (Pre).
[[0;32m  OK  [0m] Reached target Remote File Systems.
[    7.372303] cloud-init[958]: |.o+oXo. .        |
[    7.384236]          Starting Permit User Sessions...
cloud-init[958]: |...O.O.= .       |
[    7.387897]          Starting LSB: automatic crash report generation...
         Starting LSB: daemon to balance interrupts for SMP systems...
         Starting LSB: Set the CPU Frequency Scaling governor to "ondemand"...
cloud-init[958]: | .o.* +.*        |
[[0;32m  OK  [0m] Started Permit User Sessions.
[    7.396097] cloud-init[958]: |  . .+ ..o       |
[    7.401264] [cloud-init[0;32m  OK  [0m[958]: ] +----[SHA256]-----+Started Login Service.

[[0;32m  OK  [0m] Started Authenticate and Authorize Users to Run Privileged Tasks.
[    7.401604] cloud-init[958]: Generating public/private ecdsa key pair.
[    7.416361] [[0;32m  OK  [0m] Started Accounts Service.
[[0;32m  OK  [0m] Started Virtualbox guest utils.
cloud-init[958]: Your identification has been saved in /etc/ssh/ssh_host_ecdsa_key.
[    7.419714] cloud-init[958]: Your public key has been saved in /etc/ssh/ssh_host_ecdsa_key.pub.
[    7.421650] cloud-init[958]: The key fingerprint is:
[    7.422607] cloud-init[958]: SHA256:6oyxgjEFhDgY/OkCY8HdREFrq2CFWZVfqsFr6W6ZHIw root@ubuntu-xenial
[    7.424099] cloud-init[958]: The key's randomart image is:
[    7.433548] cloud-init[958]: +---[ECDSA 256]---+
[    7.435423] cloud-init[958]: [[0;32m  OK  [0m] Started Unattended Upgrades Shutdown.
         Starting Terminate Plymouth Boot Screen...
         Starting Hold until boot process finishes up...
[[0;32m  OK  [0m] Started LSB: automatic crash report generation.
[[0;32m  OK  [0m] Started LSB: daemon to balance interrupts for SMP systems.
[[0;32m  OK  [0m] Started LSB: Set the CPU Frequency Scaling governor to "ondemand".
[[0;32m  OK  [0m] Started Hold until boot process finishes up.
[[0;32m  OK  [0m] Started Serial Getty on ttyS0.
         Starting Set console scheme...
[[0;32m  OK  [0m] Started Getty on tty1.
[[0;32m  OK  [0m] Reached target Login Prompts.
|Oo..**o          |
[    7.452024] cloud-init[958]: |*++. o.  .       |
[    7.453363] cloud-init[958]: | =o.oo. o        |
[    7.465286] [cloud-init[0;32m  OK  [0m[958]: ] |o.oo.o.o         |Started Terminate Plymouth Boot Screen.

[    7.465594] cloud-init[958]: |o=. o.= S        |
[    7.480778] [cloud-init[0;32m  OK  [0m[958]: ] |+..E.B .         |Started Set console scheme.

[    7.481060] cloud-init[958]: | +..= =          |
[    7.489630] cloud-init[958]: |. .  %           |
[    7.490190] cloud-init[958]: |   .=.o          |
[    7.496548] cloud-init[958]: +----[SHA256]-----+
[    7.509412] cloud-init[958]: Generating public/private ed25519 key pair.
[    7.510149] cloud-init[958]: Your identification has been saved in /etc/ssh/ssh_host_ed25519_key.
[    7.511727] cloud-init[958]: Your public key has been saved in /etc/ssh/ssh_host_ed25519_key.pub.
[    7.520221] cloud-init[958]: The key fingerprint is:
[    7.521290] cloud-init[958]: SHA256:b6Z2eUR0JGEHIhvmdYz9yY2CCFZpSEumvi+ntyphtBE root@ubuntu-xenial
[    7.522879] cloud-init[958]: The key's randomart image is:
[    7.524086] cloud-init[958]: +--[ED25519 256]--+
[    7.524887] cloud-init[958]: |     .+o=.o+*+o  |
[    7.532296] cloud-init[958]: |  E  +++o=.++o.  |
[[0;32m  OK  [0m] Started Snappy daemon.
[    7.533973] cloud-init[958]: |   ....oo. o + + |
[    7.535704] cloud-init[958]: |  o.    . . o = .|
[    7.536580] cloud-init[958]: | . o.   S  . .   |
[    7.538396] cloud-init[958]: |  +  .   .  .    |
[    7.541424] cloud-init[958]: | . ..     +o     |
[    7.542650] cloud-init[958]: |  . ..o .+o .    |
         Starting Wait until snapd is fully seeded...
[    7.554005] cloud-init[958]: |   .o*oo.. .     |
[    7.564567] cloud-init[958]: +----[SHA256]-----+
[[0;32m  OK  [0m] Started Pollinate to seed the pseudo random number generator.
         Starting OpenBSD Secure Shell server...
[[0;32m  OK  [0m] Started OpenBSD Secure Shell server.
[[0;32m  OK  [0m] Started Wait until snapd is fully seeded.
         Starting Apply the settings specified in cloud-config...
[[0;32m  OK  [0m] Reached target Multi-User System.
[[0;32m  OK  [0m] Reached target Graphical Interface.
         Starting Update UTMP about System Runlevel Changes...
[[0;32m  OK  [0m] Started Update UTMP about System Runlevel Changes.
[    9.860586] cloud-init[1316]: Generating locales (this might take a while)...
[   10.441733] cloud-init[1316]:   en_US.UTF-8... done
[   10.442770] cloud-init[1316]: Generation complete.
[   10.616712] cloud-init[1316]: Cloud-init v. 19.2-36-g059d049c-0ubuntu2~16.04.1 running 'modules:config' at Thu, 28 Nov 2019 13:46:06 +0000. Up 9.79 seconds.
[[0;32m  OK  [0m] Started Apply the settings specified in cloud-config.
         Starting Execute cloud user/final scripts...
ci-info: no authorized ssh keys fingerprints found for user ubuntu.
<14>Nov 28 13:46:07 ec2: 
<14>Nov 28 13:46:07 ec2: #############################################################
<14>Nov 28 13:46:07 ec2: -----BEGIN SSH HOST KEY FINGERPRINTS-----
<14>Nov 28 13:46:07 ec2: 1024 SHA256:oP+TxkMaOseK1IXEngaOC8NRs7tj3IzSh8fANrBMoRg root@ubuntu-xenial (DSA)
<14>Nov 28 13:46:07 ec2: 256 SHA256:6oyxgjEFhDgY/OkCY8HdREFrq2CFWZVfqsFr6W6ZHIw root@ubuntu-xenial (ECDSA)
<14>Nov 28 13:46:07 ec2: 256 SHA256:b6Z2eUR0JGEHIhvmdYz9yY2CCFZpSEumvi+ntyphtBE root@ubuntu-xenial (ED25519)
<14>Nov 28 13:46:07 ec2: 2048 SHA256:OyoR8RVO4ycAQpCt/FHeGzjBGXDBmkKizH4K7x8DEAU root@ubuntu-xenial (RSA)
<14>Nov 28 13:46:07 ec2: -----END SSH HOST KEY FINGERPRINTS-----
<14>Nov 28 13:46:07 ec2: #############################################################
-----BEGIN SSH HOST KEY KEYS-----
ecdsa-sha2-nistp256 AAAAE2VjZHNhLXNoYTItbmlzdHAyNTYAAAAIbmlzdHAyNTYAAABBBKRFv6UHJGOvdgyvrxw2jPQuYZxN1TDOKYMHV0tK6PWJY7+0rZ1CvIU+YWbJ4WLp9in07O6JHhHurHB1zAbOYJY= root@ubuntu-xenial
ssh-ed25519 AAAAC3NzaC1lZDI1NTE5AAAAIHshwQB6s0r8Z1lDqiYIls8A5NZ0138a5QB7RQOz/orh root@ubuntu-xenial
ssh-rsa AAAAB3NzaC1yc2EAAAADAQABAAABAQDp44EDCEhuY0KYDDW94tBmnoKqdEE9di+Wjb6+MV+HoUz2Yms3lmheeAoeiJxL+ZfsBqET+CbNO0q0NE6CQk0EVNxCB6viTdX+dHBancNudvgnmpsf8O4lu58XdD9QTxNz7OhfcVfCae3U2x+NS+t7cf3qasLs0ZOyoKJZ05xqf4xH3uMNWgbwyQsGNhN3PJeMfCvErapPIZL1w2G1/m2bwCCWcs2hwqB5IKULgnbuMwv9RlUoCtGbX84V77LmZiUXxA7G+ou+d5kvGHUX78COjNbne2kznGIdBuC5K+rI8IUKsAm5DR9c58iORx7nxfxMGI+E6/BxMOr5mL6d/vp7 root@ubuntu-xenial
-----END SSH HOST KEY KEYS-----
[   10.971159] cloud-init[1359]: Cloud-init v. 19.2-36-g059d049c-0ubuntu2~16.04.1 running 'modules:final' at Thu, 28 Nov 2019 13:46:07 +0000. Up 10.86 seconds.
[   10.972933] cloud-init[1359]: ci-info: no authorized ssh keys fingerprints found for user ubuntu.
[   10.980645] cloud-init[1359]: Cloud-init v. 19.2-36-g059d049c-0ubuntu2~16.04.1 finished at Thu, 28 Nov 2019 13:46:07 +0000. Datasource DataSourceNoCloud [seed=/dev/sdb][dsmode=net].  Up 10.96 seconds
[[0;32m  OK  [0m] Started Execute cloud user/final scripts.
[[0;32m  OK  [0m] Reached target Cloud-init target.

Ubuntu 16.04.6 LTS ubuntu-xenial ttyS0

ubuntu-xenial login: 